// Jest Snapshot v1, https://goo.gl/fbAQLP

exports[`doesnâ€™t render dropdown when mounting 1`] = `
ShallowWrapper {
  Symbol(enzyme.__root__): [Circular],
  Symbol(enzyme.__unrendered__): <DropDownButton
    renderButton={[Function]}
  >
    [Function]
  </DropDownButton>,
  Symbol(enzyme.__renderer__): Object {
    "batchedUpdates": [Function],
    "getNode": [Function],
    "render": [Function],
    "simulateError": [Function],
    "simulateEvent": [Function],
    "unmount": [Function],
  },
  Symbol(enzyme.__node__): Object {
    "instance": null,
    "key": undefined,
    "nodeType": "class",
    "props": Object {
      "anchor": <button
        id="test-button"
        onClick={[Function]}
        type="button"
      >
        Open
      </button>,
      "children": <div
        id="test-container"
      >
        <div
          id="test-content"
        >
          DropDown content
        </div>
      </div>,
      "displayPopUp": false,
      "popUpHeightMatchesAnchorHeight": false,
      "popUpPosition": "below",
      "popUpWidthMatchesAnchorWidth": false,
    },
    "ref": null,
    "rendered": Object {
      "instance": null,
      "key": undefined,
      "nodeType": "host",
      "props": Object {
        "children": <div
          id="test-content"
        >
          DropDown content
        </div>,
        "id": "test-container",
      },
      "ref": Object {
        "current": null,
      },
      "rendered": Object {
        "instance": null,
        "key": undefined,
        "nodeType": "host",
        "props": Object {
          "children": "DropDown content",
          "id": "test-content",
        },
        "ref": null,
        "rendered": "DropDown content",
        "type": "div",
      },
      "type": "div",
    },
    "type": [Function],
  },
  Symbol(enzyme.__nodes__): Array [
    Object {
      "instance": null,
      "key": undefined,
      "nodeType": "class",
      "props": Object {
        "anchor": <button
          id="test-button"
          onClick={[Function]}
          type="button"
        >
          Open
        </button>,
        "children": <div
          id="test-container"
        >
          <div
            id="test-content"
          >
            DropDown content
          </div>
        </div>,
        "displayPopUp": false,
        "popUpHeightMatchesAnchorHeight": false,
        "popUpPosition": "below",
        "popUpWidthMatchesAnchorWidth": false,
      },
      "ref": null,
      "rendered": Object {
        "instance": null,
        "key": undefined,
        "nodeType": "host",
        "props": Object {
          "children": <div
            id="test-content"
          >
            DropDown content
          </div>,
          "id": "test-container",
        },
        "ref": Object {
          "current": null,
        },
        "rendered": Object {
          "instance": null,
          "key": undefined,
          "nodeType": "host",
          "props": Object {
            "children": "DropDown content",
            "id": "test-content",
          },
          "ref": null,
          "rendered": "DropDown content",
          "type": "div",
        },
        "type": "div",
      },
      "type": [Function],
    },
  ],
  Symbol(enzyme.__options__): Object {
    "adapter": ReactSixteenAdapter {
      "options": Object {
        "enableComponentDidUpdateOnSetState": true,
        "lifecycles": Object {
          "componentDidUpdate": Object {
            "onSetState": true,
          },
          "getDerivedStateFromProps": true,
          "getSnapshotBeforeUpdate": true,
          "setState": Object {
            "skipsComponentDidUpdateOnNullish": true,
          },
        },
      },
    },
  },
}
`;
